nodes
| lib/injection1.xsjslib:6:7:6:79 | someParameterValue1 |
| lib/injection1.xsjslib:6:29:6:79 | JSON.pa ... ter1")) |
| lib/injection1.xsjslib:6:40:6:78 | request ... eter1") |
| lib/injection1.xsjslib:6:40:6:78 | request ... eter1") |
| lib/injection1.xsjslib:7:7:7:79 | someParameterValue2 |
| lib/injection1.xsjslib:7:29:7:79 | JSON.pa ... ter2")) |
| lib/injection1.xsjslib:7:40:7:78 | request ... eter2") |
| lib/injection1.xsjslib:7:40:7:78 | request ... eter2") |
| lib/injection1.xsjslib:8:7:8:106 | query |
| lib/injection1.xsjslib:8:15:8:106 | "INSERT ... 2 + ")" |
| lib/injection1.xsjslib:8:32:8:50 | someParameterValue1 |
| lib/injection1.xsjslib:8:82:8:100 | someParameterValue2 |
| lib/injection1.xsjslib:11:57:11:61 | query |
| lib/injection1.xsjslib:11:57:11:61 | query |
edges
| lib/injection1.xsjslib:6:7:6:79 | someParameterValue1 | lib/injection1.xsjslib:8:32:8:50 | someParameterValue1 |
| lib/injection1.xsjslib:6:29:6:79 | JSON.pa ... ter1")) | lib/injection1.xsjslib:6:7:6:79 | someParameterValue1 |
| lib/injection1.xsjslib:6:40:6:78 | request ... eter1") | lib/injection1.xsjslib:6:29:6:79 | JSON.pa ... ter1")) |
| lib/injection1.xsjslib:6:40:6:78 | request ... eter1") | lib/injection1.xsjslib:6:29:6:79 | JSON.pa ... ter1")) |
| lib/injection1.xsjslib:7:7:7:79 | someParameterValue2 | lib/injection1.xsjslib:8:82:8:100 | someParameterValue2 |
| lib/injection1.xsjslib:7:29:7:79 | JSON.pa ... ter2")) | lib/injection1.xsjslib:7:7:7:79 | someParameterValue2 |
| lib/injection1.xsjslib:7:40:7:78 | request ... eter2") | lib/injection1.xsjslib:7:29:7:79 | JSON.pa ... ter2")) |
| lib/injection1.xsjslib:7:40:7:78 | request ... eter2") | lib/injection1.xsjslib:7:29:7:79 | JSON.pa ... ter2")) |
| lib/injection1.xsjslib:8:7:8:106 | query | lib/injection1.xsjslib:11:57:11:61 | query |
| lib/injection1.xsjslib:8:7:8:106 | query | lib/injection1.xsjslib:11:57:11:61 | query |
| lib/injection1.xsjslib:8:15:8:106 | "INSERT ... 2 + ")" | lib/injection1.xsjslib:8:7:8:106 | query |
| lib/injection1.xsjslib:8:32:8:50 | someParameterValue1 | lib/injection1.xsjslib:8:15:8:106 | "INSERT ... 2 + ")" |
| lib/injection1.xsjslib:8:82:8:100 | someParameterValue2 | lib/injection1.xsjslib:8:15:8:106 | "INSERT ... 2 + ")" |
#select
| lib/injection1.xsjslib:11:57:11:61 | query | lib/injection1.xsjslib:6:40:6:78 | request ... eter1") | lib/injection1.xsjslib:11:57:11:61 | query | This query depends on a $@. | lib/injection1.xsjslib:6:40:6:78 | request ... eter1") | user-provided value |
| lib/injection1.xsjslib:11:57:11:61 | query | lib/injection1.xsjslib:7:40:7:78 | request ... eter2") | lib/injection1.xsjslib:11:57:11:61 | query | This query depends on a $@. | lib/injection1.xsjslib:7:40:7:78 | request ... eter2") | user-provided value |
