| sink1.xml:7:5:7:68 | content={path: '/input'} | The binding path `content={path: '/input'}` is an HTML injection sink. |
| sink1.xml:8:5:8:44 | content={path: '/input'} | The binding path `content={path: '/input'}` is an HTML injection sink. |
| sink1.xml:10:5:10:73 | value={path: '/input'} | The binding path `value={path: '/input'}` is an HTML injection sink. |
