| js_component/view/app.view.js:9:16:9:33 | /customer/name | /customer/name |
| js_component/view/app.view.js:12:18:12:25 | name | /customer/name |
| js_component/view/app.view.js:15:18:15:25 | name | name |
| json_component/view/app.view.json:8:16:8:33 | "value": "{/customer/name}" | /customer/name |
| json_component/view/app.view.json:17:22:17:29 | "content": "{name}" | /customer/name |
| json_component/view/app.view.json:26:26:26:33 | "content": "{name}" | /other/name |
| json_component/view/app.view.json:32:20:32:33 | "items": "{/otherList}" | /otherList |
| json_component/view/app.view.json:37:26:37:33 | "content": "{name}" | /otherList/name |
| json_component/view/app.view.json:46:18:46:25 | "content": "{name}" | name |
| webapp/view/app.view.xml:7:5:7:57 | value={/customer/name} | /customer/name |
| webapp/view/app.view.xml:9:7:9:51 | content={name} | /customer/name |
| webapp/view/app.view.xml:10:7:10:58 | content={named>name} | named>name |
| webapp/view/app.view.xml:12:9:12:55 | content={name} | /other/name |
| webapp/view/app.view.xml:15:9:15:64 | content={name} | /customer/other/name |
| webapp/view/app.view.xml:17:7:17:34 | items={/otherList} | /otherList |
| webapp/view/app.view.xml:19:11:19:62 | content={name} | /otherList/name |
| webapp/view/app.view.xml:22:7:22:30 | items={orders} | /customer/orders |
| webapp/view/app.view.xml:24:11:24:70 | content={name} | /customer/orders/name |
| webapp/view/app.view.xml:28:9:28:64 | value={/customer/name} | /customer/name |
| webapp/view/app.view.xml:29:9:29:59 | content={name} | name |
| webapp/view/app.view.xml:33:7:33:60 | content={name} | /customer/name |
| webapp/view/app.view.xml:36:7:36:53 | content={name} | /customer/name |
| webapp/view/app.view.xml:39:7:39:53 | content={name} | /customer/name |
| webapp/view/app.view.xml:42:7:42:58 | content={name} | name |
| webapp/view/app.view.xml:45:7:45:56 | content={name} | name |
| webapp/view/app.view.xml:47:5:47:60 | content={name} | name |
| webapp/view/app.view.xml:48:5:48:52 | content={name} | name |
