| webapp/controller/app.controller.js:18:9:18:27 | htmlControl.content | Dynamic write to content of an HTML control without the use of a binding path. |
| webapp/controller/app.controller.js:21:32:21:56 | inputRe ... Value() | Dynamic write to content of an HTML control without the use of a binding path. |
| webapp/controller/app.controller.js:30:20:30:60 | `<div>$ ... </div>` | Dynamic write to content of an HTML control without the use of a binding path. |
| webapp/controller/app.controller.js:36:32:36:56 | inputRe ... Value() | Dynamic write to content of an HTML control without the use of a binding path. |
| webapp/controller/app.controller.js:41:33:41:57 | inputRe ... Value() | Dynamic write to content of an HTML control without the use of a binding path. |
