| webapp/controller/app.controller.js:12:9:12:27 | htmlControl.content | Dynamic write to content of an HTML control without the use of a binding path. |
| webapp/controller/app.controller.js:15:32:15:56 | inputRe ... Value() | Dynamic write to content of an HTML control without the use of a binding path. |
| webapp/controller/app.controller.js:24:20:24:60 | `<div>$ ... </div>` | Dynamic write to content of an HTML control without the use of a binding path. |
| webapp/controller/app.controller.js:30:32:30:56 | inputRe ... Value() | Dynamic write to content of an HTML control without the use of a binding path. |
| webapp/controller/app.controller.js:35:33:35:57 | inputRe ... Value() | Dynamic write to content of an HTML control without the use of a binding path. |
