nodes
| webapp/controller/app.controller.js:10:17:10:27 | input: null |
| webapp/controller/app.controller.js:16:35:16:62 | oModel. ... input') |
| webapp/controller/app.controller.js:19:36:19:63 | oModel. ... input') |
| webapp/controller/app.controller.js:20:35:20:58 | unsanit ... ntent() |
| webapp/view/app.view.xml:5:5:7:28 | value={/input} |
| webapp/view/app.view.xml:8:5:8:79 | content={/output} |
edges
| webapp/controller/app.controller.js:10:17:10:27 | input: null | webapp/controller/app.controller.js:16:35:16:62 | oModel. ... input') |
| webapp/controller/app.controller.js:10:17:10:27 | input: null | webapp/controller/app.controller.js:19:36:19:63 | oModel. ... input') |
| webapp/controller/app.controller.js:10:17:10:27 | input: null | webapp/view/app.view.xml:5:5:7:28 | value={/input} |
| webapp/controller/app.controller.js:11:17:11:28 | output: null | webapp/view/app.view.xml:8:5:8:79 | content={/output} |
| webapp/controller/app.controller.js:13:26:13:45 | new JSONModel(oData) | webapp/view/app.view.xml:8:5:8:79 | content={/output} |
| webapp/controller/app.controller.js:19:36:19:63 | oModel. ... input') | webapp/controller/app.controller.js:20:35:20:58 | unsanit ... ntent() |
| webapp/view/app.view.xml:5:5:7:28 | value={/input} | webapp/controller/app.controller.js:10:17:10:27 | input: null |
| webapp/view/app.view.xml:5:5:7:28 | value={/input} | webapp/controller/app.controller.js:13:26:13:45 | new JSONModel(oData) |
| webapp/view/app.view.xml:8:5:8:79 | content={/output} | webapp/controller/app.controller.js:11:17:11:28 | output: null |
#select
| webapp/controller/app.controller.js:16:35:16:62 | oModel. ... input') | webapp/view/app.view.xml:5:5:7:28 | value={/input} | webapp/controller/app.controller.js:16:35:16:62 | oModel. ... input') | XSS vulnerability due to $@. | webapp/view/app.view.xml:5:5:7:28 | value={/input} | user-provided value |
| webapp/controller/app.controller.js:19:36:19:63 | oModel. ... input') | webapp/view/app.view.xml:5:5:7:28 | value={/input} | webapp/controller/app.controller.js:19:36:19:63 | oModel. ... input') | XSS vulnerability due to $@. | webapp/view/app.view.xml:5:5:7:28 | value={/input} | user-provided value |
| webapp/controller/app.controller.js:20:35:20:58 | unsanit ... ntent() | webapp/controller/app.controller.js:20:35:20:58 | unsanit ... ntent() | webapp/controller/app.controller.js:20:35:20:58 | unsanit ... ntent() | XSS vulnerability due to $@. | webapp/controller/app.controller.js:20:35:20:58 | unsanit ... ntent() | user-provided value |
| webapp/controller/app.controller.js:20:35:20:58 | unsanit ... ntent() | webapp/view/app.view.xml:5:5:7:28 | value={/input} | webapp/controller/app.controller.js:20:35:20:58 | unsanit ... ntent() | XSS vulnerability due to $@. | webapp/view/app.view.xml:5:5:7:28 | value={/input} | user-provided value |
