nodes
| view/app.view.xml:5:9:5:32 | value={url} | semmle.label | value={url} |
| view/app.view.xml:6:9:6:42 | href={url} | semmle.label | href={url} |
edges
| view/app.view.xml:5:9:5:32 | value={url} | view/app.view.xml:6:9:6:42 | href={url} | provenance |  |
subpaths
#select
| view/app.view.xml:6:9:6:42 | href={url} | view/app.view.xml:5:9:5:32 | value={url} | view/app.view.xml:6:9:6:42 | href={url} | Untrusted URL redirection depends on a $@. | view/app.view.xml:5:9:5:32 | value={url} | user-provided value |
