| app.view.xml:8:3:8:25 | href={/url} | sap/m/Link | href |
| app.view.xml:9:3:9:34 | href={/url} | sap/m/ContentConfig | href |
| app.view.xml:10:3:10:31 | url={/url} | sap/m/GenericTile | url |
| app.view.xml:11:3:11:40 | linkHref={/url} | sap/m/LinkTileContent | linkHref |
| app.view.xml:12:3:12:38 | introHref={/url} | sap/m/ObjectHeader | introHref |
| app.view.xml:13:3:13:38 | titleHref={/url} | sap/m/ObjectHeader | titleHref |
| app.view.xml:14:3:14:29 | href={/url} | sap/m/P13nItem | href |
| app.view.xml:15:3:15:41 | url={/url} | sap/m/QuickViewGroupElement | url |
| app.view.xml:16:3:16:38 | titleUrl={/url} | sap/m/QuickViewPage | titleUrl |
| app.view.xml:17:3:17:37 | href={/url} | sap/f/cards/BaseHeader | href |
| app.view.xml:18:3:18:43 | href={/url} | sap/tnt/NavigationListItem | href |
| app.view.xml:19:3:19:33 | href={/url} | sap/ui/commons/Area | href |
| app.view.xml:20:3:20:33 | href={/url} | sap/ui/commons/Link | href |
| app.view.xml:21:3:21:39 | href={/url} | sap/ui/ux3/NavigationItem | href |
