| source.js:39:17:39:25 | obj.value | Remote flow source of type: Remote flow |
| source.js:39:17:39:25 | obj.value | Remote flow source of type: Source node (remote) [from data-extension] |
| source.js:41:17:41:30 | obj.getValue() | Remote flow source of type: Remote flow |
| source.js:41:17:41:30 | obj.getValue() | Remote flow source of type: Source node (remote) [from data-extension] |
| source.js:43:17:43:25 | obj.value | Remote flow source of type: Remote flow |
| source.js:43:17:43:25 | obj.value | Remote flow source of type: Source node (remote) [from data-extension] |
| source.js:45:17:45:30 | obj.getValue() | Remote flow source of type: Remote flow |
| source.js:45:17:45:30 | obj.getValue() | Remote flow source of type: Source node (remote) [from data-extension] |
| source.js:47:17:47:25 | obj.value | Remote flow source of type: Remote flow |
| source.js:47:17:47:25 | obj.value | Remote flow source of type: Source node (remote) [from data-extension] |
| source.js:49:17:49:30 | obj.getValue() | Remote flow source of type: Remote flow |
| source.js:49:17:49:30 | obj.getValue() | Remote flow source of type: Source node (remote) [from data-extension] |
| source.js:51:17:51:25 | obj.value | Remote flow source of type: Remote flow |
| source.js:51:17:51:25 | obj.value | Remote flow source of type: Source node (remote) [from data-extension] |
| source.js:53:17:53:30 | obj.getValue() | Remote flow source of type: Remote flow |
| source.js:53:17:53:30 | obj.getValue() | Remote flow source of type: Source node (remote) [from data-extension] |
| source.js:55:17:55:25 | obj.value | Remote flow source of type: Remote flow |
| source.js:55:17:55:25 | obj.value | Remote flow source of type: Source node (remote) [from data-extension] |
| source.js:57:17:57:30 | obj.getValue() | Remote flow source of type: Remote flow |
| source.js:57:17:57:30 | obj.getValue() | Remote flow source of type: Source node (remote) [from data-extension] |
| source.js:59:17:59:25 | obj.value | Remote flow source of type: Remote flow |
| source.js:59:17:59:25 | obj.value | Remote flow source of type: Source node (remote) [from data-extension] |
| source.js:61:17:61:30 | obj.getValue() | Remote flow source of type: Remote flow |
| source.js:61:17:61:30 | obj.getValue() | Remote flow source of type: Source node (remote) [from data-extension] |
| source.js:63:17:63:25 | obj.value | Remote flow source of type: Remote flow |
| source.js:63:17:63:25 | obj.value | Remote flow source of type: Source node (remote) [from data-extension] |
| source.js:65:17:65:37 | obj.get ... Value() | Remote flow source of type: Remote flow |
| source.js:65:17:65:37 | obj.get ... Value() | Remote flow source of type: Source node (remote) [from data-extension] |
| source.js:67:17:67:25 | obj.value | Remote flow source of type: Remote flow |
| source.js:67:17:67:25 | obj.value | Remote flow source of type: Source node (remote) [from data-extension] |
| source.js:69:17:69:30 | obj.getValue() | Remote flow source of type: Remote flow |
| source.js:69:17:69:30 | obj.getValue() | Remote flow source of type: Source node (remote) [from data-extension] |
| source.js:72:17:72:25 | obj.value | Remote flow source of type: Remote flow |
| source.js:72:17:72:25 | obj.value | Remote flow source of type: Source node (remote) [from data-extension] |
| source.js:74:17:74:30 | obj.getValue() | Remote flow source of type: Remote flow |
| source.js:74:17:74:30 | obj.getValue() | Remote flow source of type: Source node (remote) [from data-extension] |
| source.js:76:17:76:25 | obj.value | Remote flow source of type: Remote flow |
| source.js:76:17:76:25 | obj.value | Remote flow source of type: Source node (remote) [from data-extension] |
| source.js:78:17:78:30 | obj.getValue() | Remote flow source of type: Remote flow |
| source.js:78:17:78:30 | obj.getValue() | Remote flow source of type: Source node (remote) [from data-extension] |
| source.js:80:17:80:25 | obj.value | Remote flow source of type: Remote flow |
| source.js:80:17:80:25 | obj.value | Remote flow source of type: Source node (remote) [from data-extension] |
| source.js:82:17:82:30 | obj.getValue() | Remote flow source of type: Remote flow |
| source.js:82:17:82:30 | obj.getValue() | Remote flow source of type: Source node (remote) [from data-extension] |
| source.js:84:17:84:25 | obj.value | Remote flow source of type: Remote flow |
| source.js:84:17:84:25 | obj.value | Remote flow source of type: Source node (remote) [from data-extension] |
| source.js:86:17:86:30 | obj.getValue() | Remote flow source of type: Remote flow |
| source.js:86:17:86:30 | obj.getValue() | Remote flow source of type: Source node (remote) [from data-extension] |
| source.js:88:17:88:25 | obj.value | Remote flow source of type: Remote flow |
| source.js:88:17:88:25 | obj.value | Remote flow source of type: Source node (remote) [from data-extension] |
| source.js:90:17:90:30 | obj.getValue() | Remote flow source of type: Remote flow |
| source.js:90:17:90:30 | obj.getValue() | Remote flow source of type: Source node (remote) [from data-extension] |
| source.js:92:17:92:25 | obj.value | Remote flow source of type: Remote flow |
| source.js:92:17:92:25 | obj.value | Remote flow source of type: Source node (remote) [from data-extension] |
| source.js:94:17:94:30 | obj.getValue() | Remote flow source of type: Remote flow |
| source.js:94:17:94:30 | obj.getValue() | Remote flow source of type: Source node (remote) [from data-extension] |
| source.js:96:17:96:51 | jQuery. ... ).get() | Remote flow source of type: Remote flow |
| source.js:96:17:96:51 | jQuery. ... ).get() | Remote flow source of type: Source node (remote) [from data-extension] |
| source.js:98:17:98:37 | jQuery. ... cHead() | Remote flow source of type: Remote flow |
| source.js:98:17:98:37 | jQuery. ... cHead() | Remote flow source of type: Source node (remote) [from data-extension] |
| source.js:100:17:100:36 | jQuery.sap.syncGet() | Remote flow source of type: Remote flow |
| source.js:100:17:100:36 | jQuery.sap.syncGet() | Remote flow source of type: Source node (remote) [from data-extension] |
| source.js:102:17:102:40 | jQuery. ... tText() | Remote flow source of type: Remote flow |
| source.js:102:17:102:40 | jQuery. ... tText() | Remote flow source of type: Source node (remote) [from data-extension] |
| source.js:104:17:104:37 | jQuery. ... cPost() | Remote flow source of type: Remote flow |
| source.js:104:17:104:37 | jQuery. ... cPost() | Remote flow source of type: Source node (remote) [from data-extension] |
| source.js:106:17:106:41 | jQuery. ... tText() | Remote flow source of type: Remote flow |
| source.js:106:17:106:41 | jQuery. ... tText() | Remote flow source of type: Source node (remote) [from data-extension] |
| source.js:108:17:108:52 | UriPara ... ).get() | Remote flow source of type: Remote flow |
| source.js:108:17:108:52 | UriPara ... ).get() | Remote flow source of type: Source node (remote) [from data-extension] |
| source.js:109:17:109:55 | UriPara ... etAll() | Remote flow source of type: Remote flow |
| source.js:109:17:109:55 | UriPara ... etAll() | Remote flow source of type: Source node (remote) [from data-extension] |
| source.js:112:17:112:25 | obj.get() | Remote flow source of type: Remote flow |
| source.js:112:17:112:25 | obj.get() | Remote flow source of type: Source node (remote) [from data-extension] |
| source.js:113:17:113:28 | obj.getAll() | Remote flow source of type: Remote flow |
| source.js:113:17:113:28 | obj.getAll() | Remote flow source of type: Source node (remote) [from data-extension] |
| source.js:115:17:115:28 | obj.getAll() | Remote flow source of type: Remote flow |
| source.js:115:17:115:28 | obj.getAll() | Remote flow source of type: Source node (remote) [from data-extension] |
| source.js:117:17:117:25 | obj.get() | Remote flow source of type: Remote flow |
| source.js:117:17:117:25 | obj.get() | Remote flow source of type: Source node (remote) [from data-extension] |
