nodes
| webapp/controller/Main.controller.js:26:17:26:29 | sAttackerData |
| webapp/controller/Main.controller.js:26:33:26:97 | Fragmen ... Value() |
| webapp/controller/Main.controller.js:29:34:29:69 | "<span> ... /span>" |
| webapp/controller/Main.controller.js:29:45:29:57 | sAttackerData |
| webapp/view/Main.view.html:4:10:4:34 | data-content={/payload} |
edges
| webapp/controller/Main.controller.js:26:17:26:29 | sAttackerData | webapp/controller/Main.controller.js:29:45:29:57 | sAttackerData |
| webapp/controller/Main.controller.js:26:33:26:97 | Fragmen ... Value() | webapp/controller/Main.controller.js:26:17:26:29 | sAttackerData |
| webapp/controller/Main.controller.js:29:45:29:57 | sAttackerData | webapp/controller/Main.controller.js:29:34:29:69 | "<span> ... /span>" |
#select
| webapp/controller/Main.controller.js:29:34:29:69 | "<span> ... /span>" | webapp/controller/Main.controller.js:26:33:26:97 | Fragmen ... Value() | webapp/controller/Main.controller.js:29:34:29:69 | "<span> ... /span>" | XSS vulnerability due to $@. | webapp/controller/Main.controller.js:26:33:26:97 | Fragmen ... Value() | user-provided value |
