nodes
| webapp/controller/app.controller.js:9:26:9:50 | this.ge ... Model() |
| webapp/controller/app.controller.js:10:17:10:21 | input |
| webapp/controller/app.controller.js:10:25:10:52 | oModel. ... input') |
| webapp/controller/app.controller.js:11:44:11:48 | input |
| webapp/controller/app.controller.js:19:17:19:27 | sInputValue |
| webapp/controller/app.controller.js:19:31:19:59 | oEvent. ... Value() |
| webapp/controller/app.controller.js:20:44:20:54 | sInputValue |
| webapp/controller/app.controller.js:27:17:27:21 | value |
| webapp/controller/app.controller.js:27:25:27:41 | oInput.getValue() |
| webapp/controller/app.controller.js:28:36:28:40 | value |
| webapp/controller/app.controller.js:39:17:39:27 | input: null |
| webapp/controller/app.controller.js:40:17:40:29 | output1: null |
| webapp/controller/app.controller.js:42:17:42:29 | output3: null |
| webapp/view/app.view.xml:5:5:7:28 | value={/input} |
| webapp/view/app.view.xml:9:5:9:60 | content={/output1} |
| webapp/view/app.view.xml:12:5:12:39 | content={/output2} |
| webapp/view/app.view.xml:17:5:17:39 | content={/output3} |
edges
| webapp/controller/app.controller.js:9:26:9:50 | this.ge ... Model() | webapp/controller/app.controller.js:10:25:10:52 | oModel. ... input') |
| webapp/controller/app.controller.js:10:17:10:21 | input | webapp/controller/app.controller.js:11:44:11:48 | input |
| webapp/controller/app.controller.js:10:25:10:52 | oModel. ... input') | webapp/controller/app.controller.js:10:17:10:21 | input |
| webapp/controller/app.controller.js:11:44:11:48 | input | webapp/controller/app.controller.js:9:26:9:50 | this.ge ... Model() |
| webapp/controller/app.controller.js:11:44:11:48 | input | webapp/controller/app.controller.js:40:17:40:29 | output1: null |
| webapp/controller/app.controller.js:19:17:19:27 | sInputValue | webapp/controller/app.controller.js:20:44:20:54 | sInputValue |
| webapp/controller/app.controller.js:19:31:19:59 | oEvent. ... Value() | webapp/controller/app.controller.js:19:17:19:27 | sInputValue |
| webapp/controller/app.controller.js:20:44:20:54 | sInputValue | webapp/controller/app.controller.js:42:17:42:29 | output3: null |
| webapp/controller/app.controller.js:27:17:27:21 | value | webapp/controller/app.controller.js:28:36:28:40 | value |
| webapp/controller/app.controller.js:27:25:27:41 | oInput.getValue() | webapp/controller/app.controller.js:27:17:27:21 | value |
| webapp/controller/app.controller.js:39:17:39:27 | input: null | webapp/controller/app.controller.js:10:25:10:52 | oModel. ... input') |
| webapp/controller/app.controller.js:39:17:39:27 | input: null | webapp/view/app.view.xml:5:5:7:28 | value={/input} |
| webapp/controller/app.controller.js:40:17:40:29 | output1: null | webapp/view/app.view.xml:9:5:9:60 | content={/output1} |
| webapp/controller/app.controller.js:41:17:41:29 | output2: null | webapp/view/app.view.xml:12:5:12:39 | content={/output2} |
| webapp/controller/app.controller.js:42:17:42:29 | output3: null | webapp/view/app.view.xml:17:5:17:39 | content={/output3} |
| webapp/controller/app.controller.js:44:26:44:45 | new JSONModel(oData) | webapp/view/app.view.xml:9:5:9:60 | content={/output1} |
| webapp/controller/app.controller.js:44:26:44:45 | new JSONModel(oData) | webapp/view/app.view.xml:12:5:12:39 | content={/output2} |
| webapp/controller/app.controller.js:44:26:44:45 | new JSONModel(oData) | webapp/view/app.view.xml:17:5:17:39 | content={/output3} |
| webapp/view/app.view.xml:5:5:7:28 | value={/input} | webapp/controller/app.controller.js:39:17:39:27 | input: null |
| webapp/view/app.view.xml:5:5:7:28 | value={/input} | webapp/controller/app.controller.js:44:26:44:45 | new JSONModel(oData) |
| webapp/view/app.view.xml:9:5:9:60 | content={/output1} | webapp/controller/app.controller.js:40:17:40:29 | output1: null |
| webapp/view/app.view.xml:12:5:12:39 | content={/output2} | webapp/controller/app.controller.js:41:17:41:29 | output2: null |
| webapp/view/app.view.xml:17:5:17:39 | content={/output3} | webapp/controller/app.controller.js:42:17:42:29 | output3: null |
#select
| webapp/controller/app.controller.js:28:36:28:40 | value | webapp/controller/app.controller.js:27:25:27:41 | oInput.getValue() | webapp/controller/app.controller.js:28:36:28:40 | value | XSS vulnerability due to $@. | webapp/controller/app.controller.js:27:25:27:41 | oInput.getValue() | user-provided value |
| webapp/view/app.view.xml:9:5:9:60 | content={/output1} | webapp/view/app.view.xml:5:5:7:28 | value={/input} | webapp/view/app.view.xml:9:5:9:60 | content={/output1} | XSS vulnerability due to $@. | webapp/view/app.view.xml:5:5:7:28 | value={/input} | user-provided value |
| webapp/view/app.view.xml:17:5:17:39 | content={/output3} | webapp/controller/app.controller.js:19:31:19:59 | oEvent. ... Value() | webapp/view/app.view.xml:17:5:17:39 | content={/output3} | XSS vulnerability due to $@. | webapp/controller/app.controller.js:19:31:19:59 | oEvent. ... Value() | user-provided value |
