| webapp/controller/app.controller.js:12:36:12:47 | "controller" | controller |
| webapp/controller/app.controller.js:13:46:13:59 | "view-control" | view-control |
| webapp/controller/app.controller.js:14:31:14:36 | "view" | view |
| webapp/controller/app.controller.js:15:48:15:53 | "core" | core |
| webapp/controller/app.controller.js:16:49:16:60 | "element-id" | element-id |
| webapp/controller/app.controller.js:17:45:17:53 | "closest" | closest |
| webapp/controller/app.controller.js:18:52:18:61 | "fragment" | fragment |
| webapp/controller/app.controller.js:19:61:19:76 | "global-element" | global-element |
| webapp/controller/app.controller.js:20:64:20:80 | "global-fragment" | global-fragment |
| webapp/controller/app.controller.js:21:43:21:50 | "suffix" | suffix |
| webapp/controller/app.controller.js:24:26:24:39 | "append-first" | append-first |
| webapp/controller/app.controller.js:24:42:24:56 | "append-second" | append-second |
| webapp/controller/app.controller.js:25:27:25:41 | "prepend-first" | prepend-first |
| webapp/controller/app.controller.js:25:44:25:59 | "prepend-second" | prepend-second |
| webapp/controller/app.controller.js:26:26:26:39 | "before-first" | before-first |
| webapp/controller/app.controller.js:26:42:26:56 | "before-second" | before-second |
| webapp/controller/app.controller.js:27:25:27:37 | "after-first" | after-first |
| webapp/controller/app.controller.js:27:40:27:53 | "after-second" | after-second |
| webapp/controller/app.controller.js:28:45:28:59 | "html-callback" | html-callback |
| webapp/controller/app.controller.js:29:47:29:63 | "append-callback" | append-callback |
| webapp/controller/app.controller.js:30:45:30:59 | "wrap-callback" | wrap-callback |
| webapp/controller/app.controller.js:31:26:31:40 | "fluent-prefix" | fluent-prefix |
| webapp/controller/app.controller.js:31:88:31:95 | "fluent" | fluent |
| webapp/controller/app.controller.js:32:32:32:44 | "empty-chain" | empty-chain |
| webapp/controller/app.controller.js:33:24:33:37 | "setter-first" | setter-first |
| webapp/controller/app.controller.js:33:45:33:59 | "setter-second" | setter-second |
| webapp/controller/app.controller.js:34:46:34:57 | "text-chain" | text-chain |
| webapp/controller/app.controller.js:35:52:35:63 | "attr-chain" | attr-chain |
| webapp/controller/app.controller.js:36:51:36:68 | "ui5-plugin-chain" | ui5-plugin-chain |
| webapp/controller/app.controller.js:49:54:49:72 | "attr-object-chain" | attr-object-chain |
| webapp/controller/app.controller.js:50:48:50:66 | "prop-object-chain" | prop-object-chain |
| webapp/controller/app.controller.js:51:46:51:63 | "css-object-chain" | css-object-chain |
| webapp/controller/required.controller.js:10:36:10:52 | "require-control" | require-control |
| webapp/controller/required.controller.js:11:31:11:44 | "require-view" | require-view |
| webapp/controller/required.controller.js:12:49:12:65 | "require-element" | require-element |
| webapp/controller/required.controller.js:13:52:13:69 | "require-fragment" | require-fragment |
