nodes
| summary.js:5:7:5:48 | value |
| summary.js:5:15:5:48 | jQuery. ... param") |
| summary.js:6:7:6:30 | value1 |
| summary.js:6:16:6:30 | camelize(value) |
| summary.js:6:25:6:29 | value |
| summary.js:7:25:7:30 | value1 |
| summary.js:11:7:11:48 | value |
| summary.js:11:15:11:48 | jQuery. ... param") |
| summary.js:12:7:12:27 | value1 |
| summary.js:12:16:12:27 | myfun(value) |
| summary.js:12:22:12:26 | value |
| summary.js:13:25:13:30 | value1 |
| summary.js:17:7:17:48 | value |
| summary.js:17:15:17:48 | jQuery. ... param") |
| summary.js:18:7:18:32 | value1 |
| summary.js:18:16:18:32 | capitalize(value) |
| summary.js:18:27:18:31 | value |
| summary.js:19:25:19:30 | value1 |
| summary.js:23:7:23:48 | value |
| summary.js:23:15:23:48 | jQuery. ... param") |
| summary.js:24:7:24:34 | value1 |
| summary.js:24:16:24:34 | escapeRegExp(value) |
| summary.js:24:29:24:33 | value |
| summary.js:25:25:25:30 | value1 |
| summary.js:29:7:29:48 | value |
| summary.js:29:15:29:48 | jQuery. ... param") |
| summary.js:30:7:30:35 | value1 |
| summary.js:30:16:30:35 | formatMessage(value) |
| summary.js:30:30:30:34 | value |
| summary.js:31:25:31:30 | value1 |
| summary.js:35:7:35:48 | value |
| summary.js:35:15:35:48 | jQuery. ... param") |
| summary.js:36:7:36:31 | value1 |
| summary.js:36:16:36:31 | hyphenate(value) |
| summary.js:36:26:36:30 | value |
| summary.js:37:25:37:30 | value1 |
edges
| summary.js:5:7:5:48 | value | summary.js:6:25:6:29 | value |
| summary.js:5:15:5:48 | jQuery. ... param") | summary.js:5:7:5:48 | value |
| summary.js:6:7:6:30 | value1 | summary.js:7:25:7:30 | value1 |
| summary.js:6:16:6:30 | camelize(value) | summary.js:6:7:6:30 | value1 |
| summary.js:6:25:6:29 | value | summary.js:6:16:6:30 | camelize(value) |
| summary.js:11:7:11:48 | value | summary.js:12:22:12:26 | value |
| summary.js:11:15:11:48 | jQuery. ... param") | summary.js:11:7:11:48 | value |
| summary.js:12:7:12:27 | value1 | summary.js:13:25:13:30 | value1 |
| summary.js:12:16:12:27 | myfun(value) | summary.js:12:7:12:27 | value1 |
| summary.js:12:22:12:26 | value | summary.js:12:16:12:27 | myfun(value) |
| summary.js:17:7:17:48 | value | summary.js:18:27:18:31 | value |
| summary.js:17:15:17:48 | jQuery. ... param") | summary.js:17:7:17:48 | value |
| summary.js:18:7:18:32 | value1 | summary.js:19:25:19:30 | value1 |
| summary.js:18:16:18:32 | capitalize(value) | summary.js:18:7:18:32 | value1 |
| summary.js:18:27:18:31 | value | summary.js:18:16:18:32 | capitalize(value) |
| summary.js:23:7:23:48 | value | summary.js:24:29:24:33 | value |
| summary.js:23:15:23:48 | jQuery. ... param") | summary.js:23:7:23:48 | value |
| summary.js:24:7:24:34 | value1 | summary.js:25:25:25:30 | value1 |
| summary.js:24:16:24:34 | escapeRegExp(value) | summary.js:24:7:24:34 | value1 |
| summary.js:24:29:24:33 | value | summary.js:24:16:24:34 | escapeRegExp(value) |
| summary.js:29:7:29:48 | value | summary.js:30:30:30:34 | value |
| summary.js:29:15:29:48 | jQuery. ... param") | summary.js:29:7:29:48 | value |
| summary.js:30:7:30:35 | value1 | summary.js:31:25:31:30 | value1 |
| summary.js:30:16:30:35 | formatMessage(value) | summary.js:30:7:30:35 | value1 |
| summary.js:30:30:30:34 | value | summary.js:30:16:30:35 | formatMessage(value) |
| summary.js:35:7:35:48 | value | summary.js:36:26:36:30 | value |
| summary.js:35:15:35:48 | jQuery. ... param") | summary.js:35:7:35:48 | value |
| summary.js:36:7:36:31 | value1 | summary.js:37:25:37:30 | value1 |
| summary.js:36:16:36:31 | hyphenate(value) | summary.js:36:7:36:31 | value1 |
| summary.js:36:26:36:30 | value | summary.js:36:16:36:31 | hyphenate(value) |
#select
| summary.js:7:25:7:30 | value1 | summary.js:5:15:5:48 | jQuery. ... param") | summary.js:7:25:7:30 | value1 | XSS vulnerability due to $@. | summary.js:5:15:5:48 | jQuery. ... param") | user-provided value |
| summary.js:13:25:13:30 | value1 | summary.js:11:15:11:48 | jQuery. ... param") | summary.js:13:25:13:30 | value1 | XSS vulnerability due to $@. | summary.js:11:15:11:48 | jQuery. ... param") | user-provided value |
| summary.js:19:25:19:30 | value1 | summary.js:17:15:17:48 | jQuery. ... param") | summary.js:19:25:19:30 | value1 | XSS vulnerability due to $@. | summary.js:17:15:17:48 | jQuery. ... param") | user-provided value |
| summary.js:25:25:25:30 | value1 | summary.js:23:15:23:48 | jQuery. ... param") | summary.js:25:25:25:30 | value1 | XSS vulnerability due to $@. | summary.js:23:15:23:48 | jQuery. ... param") | user-provided value |
| summary.js:31:25:31:30 | value1 | summary.js:29:15:29:48 | jQuery. ... param") | summary.js:31:25:31:30 | value1 | XSS vulnerability due to $@. | summary.js:29:15:29:48 | jQuery. ... param") | user-provided value |
| summary.js:37:25:37:30 | value1 | summary.js:35:15:35:48 | jQuery. ... param") | summary.js:37:25:37:30 | value1 | XSS vulnerability due to $@. | summary.js:35:15:35:48 | jQuery. ... param") | user-provided value |
